npx : FAIL __tests__/dropdownFilters.test.js
At line:1 char:1
+ npx jest __tests__/dropdownFilters.test.js --runInBand --verbose > je ...
+ ~~~~~~~~~~~~~~~~~~~~~~~~~~~~~~~~~~~~~~~~~~~~~~~~~~~~~~~~~~~~~~~~~~~~~
    + CategoryInfo          : NotSpecified: (FAIL __tests__/dropdownFilters.te 
   st.js:String) [], RemoteException
    + FullyQualifiedErrorId : NativeCommandError
 
  Dropdown Filters
    ├ù calls fetchHeatmapData with correct params on dropdown change (15 ms)
    ΓêÜ updates DOM with new data after fetch (5 ms)
    ΓêÜ shows loading and error states (3 ms)
    ├ù debounces rapid filter changes and only calls handler once (3 ms)
    Γùï skipped renders index and sector dropdowns from options

  ΓùÅ Dropdown Filters ΓÇ║ calls fetchHeatmapData with correct params on 
dropdown change

    expect(jest.fn()).toHaveBeenCalledWith(...expected)

    Expected: {"sector": "IT"}

    Number of calls: 0

    [0m [90m 58 |[39m     sectorSel[33m.[39mdispatchEvent([36mnew[39m 
[33mEvent[39m([32m'change'[39m))[33m;[39m
     [90m 59 |[39m     jest[33m.[39mrunAllTimers()[33m;[39m
    [31m[1m>[22m[39m[90m 60 |[39m     
expect(onChange)[33m.[39mtoHaveBeenCalledWith({ sector[33m:[39m 
[32m'IT'[39m })[33m;[39m
     [90m    |[39m                      [31m[1m^[22m[39m
     [90m 61 |[39m     jest[33m.[39museRealTimers()[33m;[39m
     [90m 62 |[39m   })[33m;[39m
     [90m 63 |[39m[0m

      at Object.toHaveBeenCalledWith 
(frontend/__tests__/dropdownFilters.test.js:60:22)

  ΓùÅ Dropdown Filters ΓÇ║ debounces rapid filter changes and only calls 
handler once

    TypeError: Cannot read properties of undefined (reading 'selectAll')

    [0m [90m 117 |[39m   [90m// Index dropdown[39m
     [90m 118 |[39m   [36mconst[39m indexSel [33m=[39m 
d3[33m.[39mselect([32m'#index-dropdown'[39m)[33m;[39m
    [31m[1m>[22m[39m[90m 119 |[39m   
indexSel[33m.[39mselectAll([32m'option'[39m)[33m.[39mremove()[33m;[39m
     [90m     |[39m            [31m[1m^[22m[39m
     [90m 120 |[39m   indexSel[33m.[39mselectAll([32m'option'[39m)
     [90m 121 |[39m     [33m.[39mdata(indices)
     [90m 122 |[39m     [33m.[39mjoin([32m'option'[39m)[0m

      at selectAll (frontend/main.js:119:12)
      at Object.renderDropdownFilters 
(frontend/__tests__/dropdownFilters.test.js:92:5)

Test Suites: 1 failed, 1 total
Tests:       2 failed, 1 skipped, 2 passed, 5 total
Snapshots:   0 total
Time:        1.339 s
Ran all test suites matching /__tests__\\dropdownFilters.test.js/i.
